<?xml version="1.0" encoding="utf-8"?><testsuites name="pytest tests"><testsuite name="pytest" errors="0" failures="0" skipped="0" tests="44" time="13.965" timestamp="2026-09-22T23:40:59.303440+08:00" hostname="ASUS"><testcase classname="tests.test_api" name="test_mask_restore_no_mapping_and_headers" time="0.732" /><testcase classname="tests.test_api" name="test_actual_serialized_http_request_has_no_known_raw_pii[complete]" time="0.976" /><testcase classname="tests.test_api" name="test_actual_serialized_http_request_has_no_known_raw_pii[embed]" time="1.979" /><testcase classname="tests.test_api" name="test_wrong_session_cannot_restore_send_or_delete" time="0.748" /><testcase classname="tests.test_api" name="test_unauthenticated_and_cross_origin_requests_blocked" time="0.740" /><testcase classname="tests.test_api" name="test_storage_encrypted_and_delete" time="0.603" /><testcase classname="tests.test_api" name="test_upload_txt_bom_unicode_and_crlf" time="0.611" /><testcase classname="tests.test_api" name="test_invalid_input_never_echoes_pii[payload0]" time="0.600" /><testcase classname="tests.test_api" name="test_invalid_input_never_echoes_pii[payload1]" time="0.614" /><testcase classname="tests.test_api" name="test_invalid_input_never_echoes_pii[payload2]" time="0.600" /><testcase classname="tests.test_api" name="test_invalid_input_never_echoes_pii[payload3]" time="0.599" /><testcase classname="tests.test_api" name="test_payload_size_limit" time="0.597" /><testcase classname="tests.test_api" name="test_mask_failure_fails_closed" time="0.705" /><testcase classname="tests.test_api" name="test_logs_do_not_contain_raw_pii_on_success_or_network_failure" time="1.128" /><testcase classname="tests.test_api" name="test_preflight_catches_raw_and_encoded_values" time="0.001" /><testcase classname="tests.test_api" name="test_tampered_masked_cache_is_blocked_before_socket" time="0.617" /><testcase classname="tests.test_api" name="test_viewer_off_by_default" time="1.382" /><testcase classname="tests.test_masking" name="test_all_seven_types_and_roundtrip" time="0.003" /><testcase classname="tests.test_masking" name="test_clean_control_unchanged" time="0.001" /><testcase classname="tests.test_masking" name="test_supported_patterns[Client: Alice Brown-CLIENT-Alice Brown]" time="0.001" /><testcase classname="tests.test_masking" name="test_supported_patterns[Investment Agreement for Jane Smith (approved)-CLIENT-Jane Smith]" time="0.002" /><testcase classname="tests.test_masking" name="test_supported_patterns[Email: first.last+tag@example.test-EMAIL-first.last+tag@example.test]" time="0.002" /><testcase classname="tests.test_masking" name="test_supported_patterns[Phone: +44 20 7946 0958-PHONE-+44 20 7946 0958]" time="0.001" /><testcase classname="tests.test_masking" name="test_supported_patterns[Call 212-555-0147 today.-PHONE-212-555-0147]" time="0.001" /><testcase classname="tests.test_masking" name="test_supported_patterns[SSN: 123456789-SSN-123456789]" time="0.001" /><testcase classname="tests.test_masking" name="test_supported_patterns[SSN: 123-45-6789-SSN-123-45-6789]" time="0.001" /><testcase classname="tests.test_masking" name="test_supported_patterns[Account number: AC-22119-ACCOUNT-AC-22119]" time="0.002" /><testcase classname="tests.test_masking" name="test_supported_patterns[Address: 123 Maple Street, Boston, MA 02108-ADDRESS-123 Maple Street, Boston, MA 02108]" time="0.001" /><testcase classname="tests.test_masking" name="test_supported_patterns[Client: John Doe\nJohn Doe holds a balance of $25,000.00.-AMOUNT-$25,000.00]" time="0.006" /><testcase classname="tests.test_masking" name="test_supported_patterns[Account #ZX-556677 balance: USD 2500-AMOUNT-USD 2500]" time="0.003" /><testcase classname="tests.test_masking" name="test_negative_amount_and_account_contexts[S&amp;P 500 rose 18% in an illustration.]" time="0.001" /><testcase classname="tests.test_masking" name="test_negative_amount_and_account_contexts[Public price: $125,000.00.]" time="0.001" /><testcase classname="tests.test_masking" name="test_negative_amount_and_account_contexts[Client: Jane Smith\nA report costs $49.00.]" time="0.005" /><testcase classname="tests.test_masking" name="test_negative_amount_and_account_contexts[Client: Jane Smith holds assets.\nPublic price: $49.00.]" time="0.003" /><testcase classname="tests.test_masking" name="test_negative_amount_and_account_contexts[Account information is available on request.]" time="0.001" /><testcase classname="tests.test_masking" name="test_negative_amount_and_account_contexts[Monthly report 2026-09-22.]" time="0.002" /><testcase classname="tests.test_masking" name="test_unicode_overlaps_existing_tokens_and_html_are_lossless" time="0.007" /><testcase classname="tests.test_masking" name="test_zero_width_email_and_fullwidth_ssn" time="0.002" /><testcase classname="tests.test_masking" name="test_prompt_injection_has_no_authority" time="0.001" /><testcase classname="tests.test_masking" name="test_document_local_names" time="0.001" /><testcase classname="tests.test_masking" name="test_reject_invalid_document[empty]" time="0.001" /><testcase classname="tests.test_masking" name="test_reject_invalid_document[whitespace]" time="0.001" /><testcase classname="tests.test_masking" name="test_reject_invalid_document[oversize]" time="0.001" /><testcase classname="tests.test_masking" name="test_reject_invalid_document[null-byte]" time="0.001" /></testsuite></testsuites>